\BOOKMARK [1][-]{section.1}{\376\377\122\115\212\000}{}% 1
\BOOKMARK [1][-]{section.2}{\376\377\236\316\146\374\163\034\140\363\166\204\145\160\133\146\152\041\127\213}{}% 2
